Microchip MPLAB XC8 Compiler V1.43 ()

Linker command line:

-W-3 --edf=C:\Program Files (x86)\Microchip\xc8\v1.43\dat\en_msgs.txt -cs \
  -h+dist/default/production\LedRotativo.production.sym \
  --cmf=dist/default/production\LedRotativo.production.cmf -z -Q16F887 \
  -oC:\Users\sebas\AppData\Local\Temp\s3pc.2 \
  -Mdist/default/production/LedRotativo.production.map -E1 -ver=XC8 \
  -ASTACK=0110h-016fh -pstack=STACK -ACODE=00h-07FFhx4 -ASTRCODE=00h-01FFFh \
  -ASTRING=00h-0FFhx32 -ACONST=00h-0FFhx32 -AENTRY=00h-0FFhx32 \
  -ACOMMON=070h-07Fh -ABANK0=020h-06Fh -ABANK1=0A0h-0EFh \
  -ABANK2=0110h-016Fh -ABANK3=0190h-01EFh \
  -ARAM=020h-06Fh,0A0h-0EFh,0110h-016Fh,0190h-01EFh \
  -AABS1=020h-07Fh,0A0h-0EFh,0110h-016Fh,0190h-01EFh -ASFR0=00h-01Fh \
  -ASFR1=080h-09Fh -ASFR2=0100h-010Fh -ASFR3=0180h-018Fh \
  -preset_vec=00h,intentry,init,end_init -ppowerup=CODE -pcinit=CODE \
  -pfunctab=ENTRY -ACONFIG=02007h-02008h -pconfig=CONFIG -DCONFIG=2 \
  -AIDLOC=02000h-02003h -pidloc=IDLOC -DIDLOC=2 -AEEDATA=00h-0FFh/02100h \
  -peeprom_data=EEDATA -DEEDATA=2 -DCODE=2 -DSTRCODE=2 -DSTRING=2 -DCONST=2 \
  -DENTRY=2 -k C:\Users\sebas\AppData\Local\Temp\s3pc.obj \
  dist/default/production\LedRotativo.production.obj 

Object code version is 3.11

Machine type is 16F887



                Name                               Link     Load   Length Selector   Space Scale
C:\Users\sebas\AppData\Local\Temp\s3pc.obj
                end_init                              0        0        3        0       0
                config                             2007     2007        2     400E       0
dist/default/production\LedRotativo.production.obj
                cinit                               7FC      7FC        4      FF8       0
                text4                                40       40       6C       80       0
                text3                                1F       1F       21       3E       0
                text2                               13A      13A       D3      274       0
                text1                                AC       AC       8E      158       0
                maintext                            20D      20D      5EF      41A       0
                cstackBANK0                          20       20       22       20       1
                cstackCOMMON                         70       70        E       70       1
                strings                               3        3        8        6       0

TOTAL           Name                               Link     Load   Length     Space
        CLASS   STACK          

        CLASS   CODE           
                end_init                              0        0        3         0
                cinit                               7FC      7FC        4         0
                text4                                40       40       6C         0
                text3                                1F       1F       21         0
                text2                               13A      13A       D3         0
                text1                                AC       AC       8E         0
                maintext                            20D      20D      5EF         0

        CLASS   STRCODE        

        CLASS   STRING         
                strings                               3        3        8         0

        CLASS   CONST          

        CLASS   ENTRY          

        CLASS   COMMON         
                cstackCOMMON                         70       70        E         1

        CLASS   BANK0          
                cstackBANK0                          20       20       22         1

        CLASS   BANK1          

        CLASS   BANK2          

        CLASS   BANK3          

        CLASS   RAM            

        CLASS   ABS1           
                abs_s1                               7E       7E        2         1

        CLASS   SFR0           

        CLASS   SFR1           

        CLASS   SFR2           

        CLASS   SFR3           

        CLASS   CONFIG         
                config                             2007     2007        2         0

        CLASS   IDLOC          

        CLASS   EEDATA         



SEGMENTS        Name                           Load    Length   Top    Selector   Space  Class     Delta

                reset_vec                      000000  000003  000003         0       0  CODE        2
                strings                        000003  000008  00000B         6       0  STRING      2
                cstackBANK0                    000020  000022  000042        20       1  BANK0       1
                text3                          00001F  000021  000040        3E       0  CODE        2
                cstackCOMMON                   000070  00000E  00007E        70       1  COMMON      1
                text4                          000040  00006C  0000AC        80       0  CODE        2
                text1                          0000AC  00008E  00013A       158       0  CODE        2
                text2                          00013A  0000D3  00020D       274       0  CODE        2
                maintext                       00020D  0005EF  0007FC       41A       0  CODE        2
                cinit                          0007FC  000004  000800       FF8       0  CODE        2
                config                         002007  000002  002009      400E       0  CONFIG      2


UNUSED ADDRESS RANGES

        Name                Unused          Largest block    Delta
        BANK0            0042-006F             2E           1
        BANK1            00A0-00EF             50           1
        BANK2            0110-016F             60           1
        BANK3            0190-01EF             60           1
        CODE             000B-001E             14           2
                         0800-1FFF            800
        CONST            000B-001E             14           2
                         0800-1FFF            100
        EEDATA           2100-21FF            100           2
        ENTRY            000B-001E             14           2
                         0800-1FFF            100
        IDLOC            2000-2003              4           2
        RAM              0042-006F             2E           1
                         00A0-00EF             50
                         0110-016F             60
                         0190-01EF             60
        SFR0             0000-001F             20           1
        SFR1             0080-009F             20           1
        SFR2             0100-010F             10           1
        SFR3             0180-018F             10           1
        STACK            0110-016F             60           1
        STRCODE          000B-001E             14           2
                         0800-1FFF           1800
        STRING           000B-001E             14           2
                         0800-1FFF            100

                                  Symbol Table

?___awtoft                cstackCOMMON 0078
?___ftmul                 cstackBANK0  0020
?___ftpack                cstackCOMMON 0070
?___fttol                 cstackBANK0  0030
_PORTB                    (abs)        0006
_PORTC                    (abs)        0007
_PORTCbits                (abs)        0007
_TRISB                    (abs)        0086
_TRISC                    (abs)        0087
__CFG_BOR4V$BOR40V        (abs)        0000
__CFG_BOREN$OFF           (abs)        0000
__CFG_CP$OFF              (abs)        0000
__CFG_CPD$OFF             (abs)        0000
__CFG_FCMEN$OFF           (abs)        0000
__CFG_FOSC$INTRC_NOCLKOUT (abs)        0000
__CFG_IESO$OFF            (abs)        0000
__CFG_LVP$OFF             (abs)        0000
__CFG_MCLRE$ON            (abs)        0000
__CFG_PWRTE$OFF           (abs)        0000
__CFG_WDTE$ON             (abs)        0000
__CFG_WRT$OFF             (abs)        0000
__Habs1                   abs1         0000
__Hbank0                  bank0        0000
__Hbank1                  bank1        0000
__Hbank2                  bank2        0000
__Hbank3                  bank3        0000
__Hcinit                  cinit        0800
__Hclrtext                clrtext      0000
__Hcode                   code         0000
__Hcommon                 common       0000
__Hconfig                 config       2009
__HcstackBANK0            cstackBANK0  0000
__HcstackCOMMON           cstackCOMMON 0000
__Heeprom_data            eeprom_data  0000
__Hend_init               end_init     0003
__Hfunctab                functab      0000
__Hidloc                  idloc        0000
__Hinit                   init         0000
__Hintentry               intentry     0000
__Hmaintext               maintext     0000
__Hpowerup                powerup      0000
__Hram                    ram          0000
__Hreset_vec              reset_vec    0000
__Hsfr0                   sfr0         0000
__Hsfr1                   sfr1         0000
__Hsfr2                   sfr2         0000
__Hsfr3                   sfr3         0000
__Hspace_0                (abs)        2009
__Hspace_1                (abs)        007E
__Hspace_2                (abs)        0000
__Hspace_3                (abs)        0000
__Hstack                  stack        0000
__Hstrings                strings      0000
__Htext                   text         0000
__Labs1                   abs1         0000
__Lbank0                  bank0        0000
__Lbank1                  bank1        0000
__Lbank2                  bank2        0000
__Lbank3                  bank3        0000
__Lcinit                  cinit        07FC
__Lclrtext                clrtext      0000
__Lcode                   code         0000
__Lcommon                 common       0000
__Lconfig                 config       2007
__LcstackBANK0            cstackBANK0  0000
__LcstackCOMMON           cstackCOMMON 0000
__Leeprom_data            eeprom_data  0000
__Lend_init               end_init     0000
__Lfunctab                functab      0000
__Lidloc                  idloc        0000
__Linit                   init         0000
__Lintentry               intentry     0000
__Lmaintext               maintext     0000
__Lpowerup                powerup      0000
__Lram                    ram          0000
__Lreset_vec              reset_vec    0000
__Lsfr0                   sfr0         0000
__Lsfr1                   sfr1         0000
__Lsfr2                   sfr2         0000
__Lsfr3                   sfr3         0000
__Lspace_0                (abs)        0000
__Lspace_1                (abs)        0000
__Lspace_2                (abs)        0000
__Lspace_3                (abs)        0000
__Lstack                  stack        0000
__Lstrings                strings      0000
__Ltext                   text         0000
__S0                      (abs)        2009
__S1                      (abs)        007E
__S2                      (abs)        0000
__S3                      (abs)        0000
___awtoft                 text3        001F
___awtoft@c               cstackCOMMON 0078
___awtoft@sign            cstackCOMMON 007D
___ftmul                  text2        013A
___ftmul@cntr             cstackBANK0  002E
___ftmul@exp              cstackBANK0  002A
___ftmul@f1               cstackBANK0  0020
___ftmul@f2               cstackBANK0  0023
___ftmul@f3_as_product    cstackBANK0  002B
___ftmul@sign             cstackBANK0  002F
___ftpack                 text4        0040
___ftpack@arg             cstackCOMMON 0070
___ftpack@exp             cstackCOMMON 0073
___ftpack@sign            cstackCOMMON 0074
___fttol                  text1        00AC
___fttol@exp1             cstackBANK0  003D
___fttol@f1               cstackBANK0  0030
___fttol@lval             cstackBANK0  0039
___fttol@sign1            cstackBANK0  0038
___int_sp                 stack        0000
___latbits                (abs)        0002
___sp                     stack        0000
__end_of___awtoft         text3        0040
__end_of___ftmul          text2        020D
__end_of___ftpack         text4        00AC
__end_of___fttol          text1        013A
__end_of__initialization  cinit        07FC
__end_of__stringtab       strings      0009
__end_of_main             maintext     07FC
__end_of_retraso          strings      000B
__initialization          cinit        07FC
__pcstackBANK0            cstackBANK0  0020
__pcstackCOMMON           cstackCOMMON 0070
__pmaintext               maintext     020D
__pstrings                strings      0003
__ptext1                  text1        00AC
__ptext2                  text2        013A
__ptext3                  text3        001F
__ptext4                  text4        0040
__size_of___awtoft        (abs)        0000
__size_of___ftmul         (abs)        0000
__size_of___ftpack        (abs)        0000
__size_of___fttol         (abs)        0000
__size_of_main            (abs)        0000
__stringbase              strings      0008
__stringtab               strings      0003
_main                     maintext     020D
_retraso                  strings      0009
btemp                     (abs)        007E
end_of_initialization     cinit        07FC
intlevel0                 functab      0000
intlevel1                 functab      0000
intlevel2                 functab      0000
intlevel3                 functab      0000
intlevel4                 functab      0000
intlevel5                 functab      0000
reset_vec                 reset_vec    0000
stackhi                   (abs)        0000
stacklo                   (abs)        0000
start                     init         0000
start_initialization      cinit        07FC
wtemp0                    (abs)        007E


FUNCTION INFORMATION:

 *************** function _main *****************
 Defined at:
		line 13 in file "LedRotativo.c"
 Parameters:    Size  Location     Type
		None
 Auto vars:     Size  Location     Type
		None
 Return value:  Size  Location     Type
                  1    wreg      void 
 Registers used:
		wreg, fsr0l, fsr0h, status,2, status,0, pclath, cstack
 Tracked objects:
		On entry : 
		On exit  : 
		Unchanged: 
 Data sizes:     COMMON   BANK0   BANK1   BANK3   BANK2
      Params:         0       0       0       0       0
      Locals:         0       0       0       0       0
      Temps:          0       4       0       0       0
      Totals:         0       4       0       0       0
Total ram usage:        4 bytes
 Hardware stack levels required when called:    2
 This function calls:
		___awtoft
		___ftmul
		___fttol
 This function is called by:
		Startup code after reset
 This function uses a non-reentrant model


 *************** function ___fttol *****************
 Defined at:
		line 44 in file "C:\Program Files (x86)\Microchip\xc8\v1.43\sources\common\fttol.c"
 Parameters:    Size  Location     Type
  f1              3   16[BANK0 ] float 
 Auto vars:     Size  Location     Type
  lval            4   25[BANK0 ] unsigned long 
  exp1            1   29[BANK0 ] unsigned char 
  sign1           1   24[BANK0 ] unsigned char 
 Return value:  Size  Location     Type
                  4   16[BANK0 ] long 
 Registers used:
		wreg, status,2, status,0
 Tracked objects:
		On entry : 
		On exit  : 
		Unchanged: 
 Data sizes:     COMMON   BANK0   BANK1   BANK3   BANK2
      Params:         0       4       0       0       0
      Locals:         0       6       0       0       0
      Temps:          0       4       0       0       0
      Totals:         0      14       0       0       0
Total ram usage:       14 bytes
 Hardware stack levels used:    1
 This function calls:
		Nothing
 This function is called by:
		_main
 This function uses a non-reentrant model


 *************** function ___ftmul *****************
 Defined at:
		line 62 in file "C:\Program Files (x86)\Microchip\xc8\v1.43\sources\common\ftmul.c"
 Parameters:    Size  Location     Type
  f1              3    0[BANK0 ] float 
  f2              3    3[BANK0 ] float 
 Auto vars:     Size  Location     Type
  f3_as_produc    3   11[BANK0 ] unsigned um
  sign            1   15[BANK0 ] unsigned char 
  cntr            1   14[BANK0 ] unsigned char 
  exp             1   10[BANK0 ] unsigned char 
 Return value:  Size  Location     Type
                  3    0[BANK0 ] float 
 Registers used:
		wreg, status,2, status,0, pclath, cstack
 Tracked objects:
		On entry : 
		On exit  : 
		Unchanged: 
 Data sizes:     COMMON   BANK0   BANK1   BANK3   BANK2
      Params:         0       6       0       0       0
      Locals:         0       6       0       0       0
      Temps:          0       4       0       0       0
      Totals:         0      16       0       0       0
Total ram usage:       16 bytes
 Hardware stack levels used:    1
 Hardware stack levels required when called:    1
 This function calls:
		___ftpack
 This function is called by:
		_main
 This function uses a non-reentrant model


 *************** function ___awtoft *****************
 Defined at:
		line 32 in file "C:\Program Files (x86)\Microchip\xc8\v1.43\sources\common\awtoft.c"
 Parameters:    Size  Location     Type
  c               2    8[COMMON] int 
 Auto vars:     Size  Location     Type
  sign            1   13[COMMON] unsigned char 
 Return value:  Size  Location     Type
                  3    8[COMMON] float 
 Registers used:
		wreg, status,2, status,0, pclath, cstack
 Tracked objects:
		On entry : 
		On exit  : 
		Unchanged: 
 Data sizes:     COMMON   BANK0   BANK1   BANK3   BANK2
      Params:         3       0       0       0       0
      Locals:         1       0       0       0       0
      Temps:          2       0       0       0       0
      Totals:         6       0       0       0       0
Total ram usage:        6 bytes
 Hardware stack levels used:    1
 Hardware stack levels required when called:    1
 This function calls:
		___ftpack
 This function is called by:
		_main
 This function uses a non-reentrant model


 *************** function ___ftpack *****************
 Defined at:
		line 62 in file "C:\Program Files (x86)\Microchip\xc8\v1.43\sources\common\float.c"
 Parameters:    Size  Location     Type
  arg             3    0[COMMON] unsigned um
  exp             1    3[COMMON] unsigned char 
  sign            1    4[COMMON] unsigned char 
 Auto vars:     Size  Location     Type
		None
 Return value:  Size  Location     Type
                  3    0[COMMON] float 
 Registers used:
		wreg, status,2, status,0
 Tracked objects:
		On entry : 
		On exit  : 
		Unchanged: 
 Data sizes:     COMMON   BANK0   BANK1   BANK3   BANK2
      Params:         5       0       0       0       0
      Locals:         0       0       0       0       0
      Temps:          3       0       0       0       0
      Totals:         8       0       0       0       0
Total ram usage:        8 bytes
 Hardware stack levels used:    1
 This function calls:
		Nothing
 This function is called by:
		___awtoft
		___ftmul
 This function uses a non-reentrant model



MODULE INFORMATION

Module		Function		Class		Link	Load	Size
C:\Program Files (x86)\Microchip\xc8\v1.43\sources\common\ftmul.c
		___ftmul       		CODE           	013A	0000	212

C:\Program Files (x86)\Microchip\xc8\v1.43\sources\common\ftmul.c estimated size: 212

C:\Program Files (x86)\Microchip\xc8\v1.43\sources\common\awtoft.c
		___awtoft      		CODE           	001F	0000	34

C:\Program Files (x86)\Microchip\xc8\v1.43\sources\common\awtoft.c estimated size: 34

LedRotativo.c
		_main          		CODE           	020D	0000	1520

LedRotativo.c estimated size: 1520

C:\Program Files (x86)\Microchip\xc8\v1.43\sources\common\fttol.c
		___fttol       		CODE           	00AC	0000	143

C:\Program Files (x86)\Microchip\xc8\v1.43\sources\common\fttol.c estimated size: 143

shared
		__stringtab    		STRING         	0003	0000	7
		__initialization		CODE           	07FC	0000	1
		_retraso       		STRING         	0009	0000	3

shared estimated size: 11

C:\Program Files (x86)\Microchip\xc8\v1.43\sources\common\float.c
		___ftpack      		CODE           	0040	0000	109

C:\Program Files (x86)\Microchip\xc8\v1.43\sources\common\float.c estimated size: 109

